2024-01-15 03:12:01 INFO  payment-service Starting request processing
2024-01-15 03:12:45 WARN  payment-service Database connection pool at 80% capacity (80/100)
2024-01-15 03:13:12 WARN  payment-service Database connection pool at 95% capacity (95/100)
2024-01-15 03:14:19 ERROR payment-service Connection pool exhausted (100/100)
2024-01-15 03:14:22 ERROR payment-service java.sql.SQLException: Connection timeout after 30000ms
2024-01-15 03:14:22 ERROR payment-service     at com.sentinel.db.ConnectionPool.getConnection(ConnectionPool.java:142)
2024-01-15 03:14:23 ERROR payment-service HTTP 500 Internal Server Error - /api/payments/process
2024-01-15 03:14:23 ERROR payment-service HTTP 500 Internal Server Error - /api/payments/process
2024-01-15 03:14:24 ERROR payment-service HTTP 500 Internal Server Error - /api/payments/process
2024-01-15 03:14:30 WARN  payment-service Retry attempt 1/3 failed
2024-01-15 03:14:35 WARN  payment-service Retry attempt 2/3 failed
2024-01-15 03:14:40 ERROR payment-service Retry attempt 3/3 failed - giving up
2024-01-15 03:14:41 ERROR payment-service Circuit breaker OPEN for database connections
2024-01-15 03:15:00 INFO  health-check    payment-service health check FAILED